
Running 1 test using 1 worker

  Γ£ÿ  1 [chromium] ΓÇ║ e2e\home.spec.ts:3:1 ΓÇ║ homepage has title and links (807ms)


  1) [chromium] ΓÇ║ e2e\home.spec.ts:3:1 ΓÇ║ homepage has title and links ΓöÇΓöÇΓöÇΓöÇΓöÇΓöÇΓöÇΓöÇΓöÇΓöÇΓöÇΓöÇΓöÇΓöÇΓöÇΓöÇΓöÇΓöÇΓöÇΓöÇΓöÇΓöÇΓöÇΓöÇΓöÇΓöÇΓöÇΓöÇΓöÇΓöÇ

    Error: [2mexpect([22m[31mlocator[39m[2m).[22mtoBeVisible[2m([22m[2m)[22m failed

    Locator: getByText('Gallery', { exact: true })
    Expected: visible
    Error: strict mode violation: getByText('Gallery', { exact: true }) resolved to 2 elements:
        1) <a class="" href="/gallery" data-discover="true">Gallery</a> aka getByRole('navigation').getByRole('link', { name: 'Gallery' })
        2) <a href="/gallery">Gallery</a> aka getByRole('contentinfo').getByRole('link', { name: 'Gallery' })

    Call log:
    [2m  - Expect "toBeVisible" with timeout 5000ms[22m
    [2m  - waiting for getByText('Gallery', { exact: true })[22m


      18 |     // Check navigation
      19 |     await expect(page.getByText('Products', { exact: true })).toBeVisible();
    > 20 |     await expect(page.getByText('Gallery', { exact: true })).toBeVisible();
         |                                                              ^
      21 |     await expect(page.getByText('About', { exact: true })).toBeVisible();
      22 |
      23 |     // Navigation test to Products
        at C:\Users\chris\.gemini\antigravity\scratch\riccardo-carpentry\e2e\home.spec.ts:20:62

    Error Context: test-results\home-homepage-has-title-and-links-chromium\error-context.md

  1 failed
    [chromium] ΓÇ║ e2e\home.spec.ts:3:1 ΓÇ║ homepage has title and links ΓöÇΓöÇΓöÇΓöÇΓöÇΓöÇΓöÇΓöÇΓöÇΓöÇΓöÇΓöÇΓöÇΓöÇΓöÇΓöÇΓöÇΓöÇΓöÇΓöÇΓöÇΓöÇΓöÇΓöÇΓöÇΓöÇΓöÇΓöÇΓöÇΓöÇΓöÇ
